../Core/Src/main.c:115:5:main	8	static
../Core/Src/main.c:202:6:SystemClock_Config	120	static
../Core/Src/main.c:263:13:MX_DAC1_Init	48	static
../Core/Src/main.c:313:13:MX_ETH_Init	8	static
../Core/Src/main.c:362:13:MX_USART3_UART_Init	8	static
../Core/Src/main.c:410:13:MX_USB_OTG_FS_PCD_Init	8	static
../Core/Src/main.c:446:13:MX_GPIO_Init	56	static
../Core/Src/main.c:518:6:StartDefaultTask	448	static
../Core/Src/main.c:571:6:StartBlinkTask	16	static
../Core/Src/main.c:592:6:HAL_TIM_PeriodElapsedCallback	16	static
../Core/Src/main.c:609:6:Error_Handler	4	static,ignoring_inline_asm
